
   PASS  Tests\Feature\ExampleTest
  Γ£ô it returns a successful response                                     4.43s  

   PASS  Tests\Feature\Filament\Pages\ManageLetterheadTest
  Γ£ô it provides fallback values when settings are missing                0.84s  
  Γ£ô it can update letterhead settings via settings page                  3.76s  

Fatal error: Allowed memory size of 134217728 bytes exhausted (tried to allocate 12288 bytes) in C:\Users\Ahmad Fajar\Desktop\SKRIPSI\Kodingan\final\siakad-smp\vendor\livewire\livewire\src\Mechanisms\ExtendBlade\ExtendedCompilerEngine.php on line 37

  [41;1m Pest\Exceptions\FatalException [49;22m

[39;1m  Allowed memory size of 134217728 bytes exhausted (tried to allocate 12288 bytes)[39;22m

  at [32mvendor\livewire\livewire\src\Mechanisms\ExtendBlade\ExtendedCompilerEngine.php[39m:[32m37[39m
     33Γûò             $component = ExtendBlade::currentRendering();
     34Γûò 
     35Γûò             \Closure::bind(function () use ($__path, $__data) {
     36Γûò                 extract($__data, EXTR_SKIP);
  Γ₧£  37Γûò                 include $__path;
     38Γûò             }, $component, $component)();
     39Γûò         } catch (\Exception|\Throwable $e) {
     40Γûò             $this->handleViewException($e, $obLevel);
     41Γûò         }

